SCRIPT ERROR: Parse Error: Could not preload resource script "res://land04/journeys.gd".
   at: GDScript::reload (res://scripts/terrain.gd:288)
SCRIPT ERROR: Parse Error: Could not resolve script "res://land04/journeys.gd".
   at: GDScript::reload (res://scripts/terrain.gd:288)
SCRIPT ERROR: Parse Error: Could not resolve script "res://land04/journeys.gd".
   at: GDScript::reload (res://scripts/terrain.gd:288)
SCRIPT ERROR: Parse Error: Could not resolve script "res://land04/journeys.gd".
   at: GDScript::reload (res://scripts/terrain.gd:288)
SCRIPT ERROR: Parse Error: Could not resolve script "res://land04/journeys.gd".
   at: GDScript::reload (res://scripts/terrain.gd:288)
SCRIPT ERROR: Parse Error: Could not resolve script "res://land04/journeys.gd".
   at: GDScript::reload (res://scripts/terrain.gd:288)
SCRIPT ERROR: Parse Error: Could not resolve script "res://land04/journeys.gd".
   at: GDScript::reload (res://scripts/terrain.gd:288)
SCRIPT ERROR: Parse Error: Could not resolve script "res://land04/journeys.gd".
   at: GDScript::reload (res://scripts/terrain.gd:288)
SCRIPT ERROR: Parse Error: Could not resolve script "res://land04/journeys.gd".
   at: GDScript::reload (res://scripts/terrain.gd:288)
SCRIPT ERROR: Compile Error: Failed to compile depended scripts.
   at: GDScript::reload (res://scripts/lake_water.gd:0)
SCRIPT ERROR: Compile Error: Failed to compile depended scripts.
   at: GDScript::reload (res://rf07/cover.gd:0)
SCRIPT ERROR: Compile Error: Failed to compile depended scripts.
   at: GDScript::reload (res://rf08/context.gd:0)
SCRIPT ERROR: Compile Error: Failed to compile depended scripts.
   at: GDScript::reload (res://scripts/strange_sites.gd:0)
SCRIPT ERROR: Parse Error: Could not resolve script "res://land04/journeys.gd".
   at: GDScript::reload (res://scripts/terrain.gd:288)
SCRIPT ERROR: Compile Error: Failed to compile depended scripts.
   at: GDScript::reload (res://land02b/landmark.gd:0)
SCRIPT ERROR: Compile Error: Failed to compile depended scripts.
   at: GDScript::reload (res://scripts/terrain_chunk_stream.gd:0)
SCRIPT ERROR: Compile Error: Failed to compile depended scripts.
   at: GDScript::reload (res://scripts/resource_canopies.gd:0)
SCRIPT ERROR: Compile Error: Failed to compile depended scripts.
   at: GDScript::reload (res://scripts/resource_stream.gd:0)
SCRIPT ERROR: Compile Error: Failed to compile depended scripts.
   at: GDScript::reload (res://art/strange_sound.gd:0)
SCRIPT ERROR: Parse Error: Could not resolve script "res://land04/journeys.gd".
   at: GDScript::reload (res://scripts/terrain.gd:288)
SCRIPT ERROR: Parse Error: Could not resolve script "res://land04/journeys.gd".
   at: GDScript::reload (res://scripts/terrain.gd:288)
SCRIPT ERROR: Compile Error: Failed to compile depended scripts.
   at: GDScript::reload (res://scripts/grid_placement.gd:0)
SCRIPT ERROR: Compile Error: Failed to compile depended scripts.
   at: GDScript::reload (res://scripts/placed_block.gd:0)
SCRIPT ERROR: Parse Error: Could not resolve script "res://land04/journeys.gd".
   at: GDScript::reload (res://scripts/terrain.gd:288)
SCRIPT ERROR: Compile Error: Failed to compile depended scripts.
   at: GDScript::reload (res://scripts/enemy.gd:0)
SCRIPT ERROR: Parse Error: Could not resolve script "res://land04/journeys.gd".
   at: GDScript::reload (res://scripts/terrain.gd:288)
SCRIPT ERROR: Compile Error: Failed to compile depended scripts.
   at: GDScript::reload (res://scripts/mob_packs.gd:0)
SCRIPT ERROR: Parse Error: Could not resolve script "res://land04/journeys.gd".
   at: GDScript::reload (res://scripts/terrain.gd:288)
SCRIPT ERROR: Compile Error: Failed to compile depended scripts.
   at: GDScript::reload (res://scripts/skill_projectile.gd:0)
SCRIPT ERROR: Parse Error: Could not resolve script "res://land04/journeys.gd".
   at: GDScript::reload (res://scripts/terrain.gd:288)
SCRIPT ERROR: Compile Error: Failed to compile depended scripts.
   at: GDScript::reload (res://scripts/player_combat.gd:0)
SCRIPT ERROR: Compile Error: Failed to compile depended scripts.
   at: GDScript::reload (res://scripts/hud.gd:0)
SCRIPT ERROR: Compile Error: Failed to compile depended scripts.
   at: GDScript::reload (res://scripts/station_site.gd:0)
SCRIPT ERROR: Compile Error: Failed to compile depended scripts.
   at: GDScript::reload (res://scripts/work_panel.gd:0)
SCRIPT ERROR: Parse Error: Could not resolve script "res://land04/journeys.gd".
   at: GDScript::reload (res://scripts/terrain.gd:288)
SCRIPT ERROR: Compile Error: Failed to compile depended scripts.
   at: GDScript::reload (res://scripts/pressure_pocket.gd:0)
SCRIPT ERROR: Compile Error: Failed to compile depended scripts.
   at: GDScript::reload (res://scripts/contraption_panel.gd:0)
SCRIPT ERROR: Compile Error: Failed to compile depended scripts.
   at: GDScript::reload (res://scripts/contraption_site.gd:0)
SCRIPT ERROR: Compile Error: Failed to compile depended scripts.
   at: GDScript::reload (res://f4/art.gd:0)
SCRIPT ERROR: Parse Error: Could not resolve script "res://land04/journeys.gd".
   at: GDScript::reload (res://scripts/terrain.gd:288)
SCRIPT ERROR: Compile Error: Failed to compile depended scripts.
   at: GDScript::reload (res://scripts/leyline_source.gd:0)
SCRIPT ERROR: Compile Error: Failed to compile depended scripts.
   at: GDScript::reload (res://g1/colours.gd:0)
SCRIPT ERROR: Parse Error: Could not resolve script "res://land04/journeys.gd".
   at: GDScript::reload (res://scripts/terrain.gd:288)
SCRIPT ERROR: Compile Error: Failed to compile depended scripts.
   at: GDScript::reload (res://scripts/strange_resource_art.gd:0)
SCRIPT ERROR: Parse Error: Could not resolve script "res://land04/journeys.gd".
   at: GDScript::reload (res://scripts/terrain.gd:288)
SCRIPT ERROR: Compile Error: Failed to compile depended scripts.
   at: GDScript::reload (res://scripts/grounded_seam.gd:0)
SCRIPT ERROR: Compile Error: Failed to compile depended scripts.
   at: GDScript::reload (res://scripts/resource_node.gd:0)
SCRIPT ERROR: Compile Error: Failed to compile depended scripts.
   at: GDScript::reload (res://g1/art.gd:0)
SCRIPT ERROR: Compile Error: Failed to compile depended scripts.
   at: GDScript::reload (res://scripts/piece_look.gd:0)
SCRIPT ERROR: Parse Error: Could not resolve script "res://land04/journeys.gd".
   at: GDScript::reload (res://scripts/terrain.gd:288)
SCRIPT ERROR: Parse Error: Could not resolve script "res://land04/journeys.gd".
   at: GDScript::reload (res://scripts/terrain.gd:288)
SCRIPT ERROR: Compile Error: Failed to compile depended scripts.
   at: GDScript::reload (res://scripts/leyline_fissures.gd:0)
SCRIPT ERROR: Compile Error: Failed to compile depended scripts.
   at: GDScript::reload (res://scripts/cataclysm_sites.gd:0)
SCRIPT ERROR: Compile Error: Failed to compile depended scripts.
   at: GDScript::reload (res://scripts/forge_dungeon.gd:0)
SCRIPT ERROR: Compile Error: Failed to compile depended scripts.
   at: GDScript::reload (res://scripts/trial_arena.gd:0)
SCRIPT ERROR: Parse Error: Could not resolve script "res://land04/journeys.gd".
   at: GDScript::reload (res://scripts/terrain.gd:288)
SCRIPT ERROR: Compile Error: Failed to compile depended scripts.
   at: GDScript::reload (res://scripts/save_manager.gd:0)
SCRIPT ERROR: Compile Error: Failed to compile depended scripts.
   at: GDScript::reload (res://scripts/trial_controller.gd:0)
SCRIPT ERROR: Parse Error: Could not resolve script "res://land04/journeys.gd".
   at: GDScript::reload (res://scripts/terrain.gd:288)
SCRIPT ERROR: Compile Error: Failed to compile depended scripts.
   at: GDScript::reload (res://scripts/player_footsteps.gd:0)
SCRIPT ERROR: Parse Error: Could not resolve script "res://land04/journeys.gd".
   at: GDScript::reload (res://scripts/terrain.gd:288)
SCRIPT ERROR: Compile Error: Failed to compile depended scripts.
   at: GDScript::reload (res://scripts/environment_ambience.gd:0)
SCRIPT ERROR: Parse Error: Could not resolve script "res://land04/journeys.gd".
   at: GDScript::reload (res://scripts/terrain.gd:288)
SCRIPT ERROR: Compile Error: Failed to compile depended scripts.
   at: GDScript::reload (res://scripts/player.gd:0)
SCRIPT ERROR: Compile Error: Failed to compile depended scripts.
   at: GDScript::reload (res://scripts/trial_gate.gd:0)
ERROR: Failed to load script "res://scripts/trial_gate.gd" with error "Parse error".
   at: load (modules/gdscript/gdscript.cpp:3041)
SCRIPT ERROR: Parse Error: Could not resolve script "res://land04/journeys.gd".
   at: GDScript::reload (res://scripts/terrain.gd:288)
SCRIPT ERROR: Parse Error: Could not resolve script "res://land04/journeys.gd".
   at: GDScript::reload (res://scripts/terrain.gd:288)
SCRIPT ERROR: Compile Error: Failed to compile depended scripts.
   at: GDScript::reload (res://scripts/biome_mood.gd:0)
SCRIPT ERROR: Parse Error: Could not resolve script "res://land04/journeys.gd".
   at: GDScript::reload (res://scripts/terrain.gd:288)
SCRIPT ERROR: Compile Error: Failed to compile depended scripts.
   at: GDScript::reload (res://scripts/play03_trace.gd:0)
SCRIPT ERROR: Parse Error: Could not resolve script "res://land04/journeys.gd".
   at: GDScript::reload (res://scripts/terrain.gd:288)
SCRIPT ERROR: Compile Error: Failed to compile depended scripts.
   at: GDScript::reload (res://scripts/habitat_sites.gd:0)
SCRIPT ERROR: Parse Error: Could not resolve script "res://land04/journeys.gd".
   at: GDScript::reload (res://scripts/terrain.gd:288)
SCRIPT ERROR: Compile Error: Failed to compile depended scripts.
   at: GDScript::reload (res://scripts/frontier_sites.gd:0)
SCRIPT ERROR: Compile Error: Failed to compile depended scripts.
   at: GDScript::reload (res://scripts/sandpit.gd:0)
ERROR: Failed to load script "res://scripts/sandpit.gd" with error "Parse error".
   at: load (modules/gdscript/gdscript.cpp:3041)
